modules:
    - pin:
        name: c1-delivery
        version: 1.0.0
        digest: sha256:b3049d0f5f955df13a9b72eb3043649da65eb7986ef4443b6d8dd97678f6af75
      type: schema
      digest: sha256:b3049d0f5f955df13a9b72eb3043649da65eb7986ef4443b6d8dd97678f6af75
      manifest: examples/capability-ontologies/delivery/module.yaml
      files:
        - examples/capability-ontologies/delivery/schema.yaml
      schemas:
        - schema.yaml
      projectors: []
    - pin:
        name: c1-filing-review
        version: 1.0.0
        digest: sha256:67cb56a56472bfe920db6fbe5a9a3523b46e038434f837ccd72456000f536996
      type: schema
      digest: sha256:67cb56a56472bfe920db6fbe5a9a3523b46e038434f837ccd72456000f536996
      manifest: examples/capability-ontologies/filing-review/module.yaml
      files:
        - examples/capability-ontologies/filing-review/schema.yaml
      schemas:
        - schema.yaml
      projectors: []
    - pin:
        name: c1-software-architecture
        version: 1.0.0
        digest: sha256:80f463426a1e7ec6d0fbe1acd8df22006cbdb48e6737b5b5efe02011ddc4f129
      type: schema
      digest: sha256:80f463426a1e7ec6d0fbe1acd8df22006cbdb48e6737b5b5efe02011ddc4f129
      manifest: examples/capability-ontologies/software-architecture/module.yaml
      files:
        - examples/capability-ontologies/software-architecture/schema.yaml
      schemas:
        - schema.yaml
      projectors: []
    - pin:
        name: c1-trading-card-combat
        version: 1.0.0
        digest: sha256:52052bc7934ecb0c1e16ef014ee3246a686fee5f461552cee40f38825b72bbce
      type: schema
      digest: sha256:52052bc7934ecb0c1e16ef014ee3246a686fee5f461552cee40f38825b72bbce
      manifest: examples/capability-ontologies/trading-card-combat/module.yaml
      files:
        - examples/capability-ontologies/trading-card-combat/schema.yaml
      schemas:
        - schema.yaml
      projectors: []
    - pin:
        name: c1-workflow-responsibility
        version: 1.0.0
        digest: sha256:aebbb76a56d7866ee2e881c3957c0a2d2bce61893a78aa034f7d70ecde1713de
      type: schema
      digest: sha256:aebbb76a56d7866ee2e881c3957c0a2d2bce61893a78aa034f7d70ecde1713de
      manifest: examples/capability-ontologies/workflow-responsibility/module.yaml
      files:
        - examples/capability-ontologies/workflow-responsibility/schema.yaml
      schemas:
        - schema.yaml
      projectors: []
provisional: false
revision: 3308e7c246f60e7a435b50b6389d03418508b398
sourceDigest: 9b4dfe4eddf5ba3b7589fc4a32d45678393511c07372764a572464edf46b65a9
status: preview
