{
  "apiVersion": "markitect.government-queue/v1alpha1",
  "queueId": "government-queue--adb894c899ad03281a6afed89f99782d",
  "queueDirectory": "C:\\Users\\Consiliari\\Documents\\Scientist-Probes\\native-metadata-fixtures-20261008-r2\\government\\results\\queue-state\\government-queue--adb894c899ad03281a6afed89f99782d",
  "status": "incomplete",
  "nextStep": "inspect incomplete jobs and escalation",
  "backlogDigest": "b3779f9c74cefd872747a194c79d3308cfbd5a5793d5a3dfa84839385a0358e5",
  "limits": {
    "actorStarts": 3,
    "maxRepairs": 0,
    "maxWallTimeSeconds": 38,
    "maxParallelism": 2
  },
  "actorStarts": 1,
  "repairs": 0,
  "inFlightActors": 0,
  "peakParallelism": 1,
  "reservedWallTimeSeconds": 38,
  "elapsedWallTimeSeconds": 1,
  "usage": {
    "inputTokens": {
      "known": false,
      "total": 0,
      "unknown": true
    },
    "outputTokens": {
      "known": false,
      "total": 0,
      "unknown": true
    },
    "cachedTokens": {
      "known": false,
      "total": 0,
      "unknown": true
    },
    "toolCalls": {
      "known": false,
      "total": 0,
      "unknown": true
    },
    "observedActorWallTimeMilliseconds": {
      "known": true,
      "total": 194,
      "unknown": false
    }
  },
  "jobs": [
    {
      "id": "positive-overflow-release",
      "state": "incomplete",
      "nextStep": "inspect durable report and escalate",
      "runId": "government-run--4ffa316979d1f525e8863f153d6128ce",
      "reportPath": "C:\\Users\\Consiliari\\Documents\\Scientist-Probes\\native-metadata-fixtures-20261008-r2\\government\\results\\run-state\\government-run--4ffa316979d1f525e8863f153d6128ce\\report.json",
      "reportDigest": "b82546118ec17e004402f0eb57aee455fd90a3242385d2812caf31abebb0aa7a",
      "error": "external runner failed"
    }
  ],
  "journalSequence": 9,
  "journalDigest": "99a303c8e708afc5edb11f3a7967576a7ec1dedf23a270d2eedd27ed61a686e7",
  "startedAt": "2026-10-07T23:26:09.7122463Z"
}
