{
  "apiVersion": "markitect.government-queue/v1alpha1",
  "queueId": "government-queue--aa4c45ec2f3a888078e5036eb0fd7e5d",
  "queueDirectory": "C:\\Users\\Consiliari\\Documents\\Scientist-Probes\\native-metadata-fixtures-20261008\\government\\results\\queue-state\\government-queue--aa4c45ec2f3a888078e5036eb0fd7e5d",
  "status": "incomplete",
  "nextStep": "inspect incomplete jobs and escalation",
  "backlogDigest": "d6e0f2a8da02dc2262043b53233ccb2bb6f18aecfab258e08cc4d7fe3206d6d7",
  "limits": {
    "actorStarts": 3,
    "maxRepairs": 0,
    "maxWallTimeSeconds": 40,
    "maxParallelism": 2
  },
  "actorStarts": 1,
  "repairs": 0,
  "inFlightActors": 0,
  "peakParallelism": 1,
  "reservedWallTimeSeconds": 40,
  "elapsedWallTimeSeconds": 0,
  "usage": {
    "inputTokens": {
      "known": false,
      "total": 0,
      "unknown": true
    },
    "outputTokens": {
      "known": false,
      "total": 0,
      "unknown": true
    },
    "cachedTokens": {
      "known": false,
      "total": 0,
      "unknown": true
    },
    "toolCalls": {
      "known": false,
      "total": 0,
      "unknown": true
    },
    "observedActorWallTimeMilliseconds": {
      "known": true,
      "total": 159,
      "unknown": false
    }
  },
  "jobs": [
    {
      "id": "positive-overflow-release",
      "state": "incomplete",
      "nextStep": "inspect durable report and escalate",
      "runId": "government-run--0f52a7c72ba15b8ae5bbe1cde0f0689d",
      "reportPath": "C:\\Users\\Consiliari\\Documents\\Scientist-Probes\\native-metadata-fixtures-20261008\\government\\results\\run-state\\government-run--0f52a7c72ba15b8ae5bbe1cde0f0689d\\report.json",
      "reportDigest": "cee003ddd3ae118ad20295d588b76b5e1f4e30818869622551266c0fe15f1d98",
      "error": "external runner failed"
    }
  ],
  "journalSequence": 9,
  "journalDigest": "0eed76ee612a97d1bb9109edc8e845cbaa0df884d4d86405bf53c4804793c318",
  "startedAt": "2026-10-07T22:46:19.5176915Z"
}
