test_cancel_is_idempotent_preserves_history_and_frees_interval (test_cli.BookingCliTests.test_cancel_is_idempotent_preserves_history_and_frees_interval) ... ok
test_csv_export_quotes_history_preserves_database_and_reports_failures (test_cli.BookingCliTests.test_csv_export_quotes_history_preserves_database_and_reports_failures) ... ok
test_empty_export_has_header_and_filtered_summary_uses_active_records (test_cli.BookingCliTests.test_empty_export_has_header_and_filtered_summary_uses_active_records) ... FAIL
test_half_open_intervals_and_other_rooms (test_cli.BookingCliTests.test_half_open_intervals_and_other_rooms) ... ok
test_list_sorts_by_start_then_id (test_cli.BookingCliTests.test_list_sorts_by_start_then_id) ... ok
test_malformed_database_is_not_overwritten (test_cli.BookingCliTests.test_malformed_database_is_not_overwritten) ... ok
test_normalizes_and_persists_between_processes (test_cli.BookingCliTests.test_normalizes_and_persists_between_processes) ... ok
test_overlaps_and_invalid_values_preserve_bytes_and_id_sequence (test_cli.BookingCliTests.test_overlaps_and_invalid_values_preserve_bytes_and_id_sequence) ... ok
test_status_and_room_filters_compose_and_keep_sorted_order (test_cli.BookingCliTests.test_status_and_room_filters_compose_and_keep_sorted_order) ... ok
test_summary_counts_only_active_exact_minutes_in_lexical_order (test_cli.BookingCliTests.test_summary_counts_only_active_exact_minutes_in_lexical_order) ... ok
test_csv_escapes_commas_and_embedded_newlines_and_preserves_order (test_export_group.CsvExportTests.test_csv_escapes_commas_and_embedded_newlines_and_preserves_order) ... ok
test_database_destination_alias_is_rejected_before_truncation (test_export_group.CsvExportTests.test_database_destination_alias_is_rejected_before_truncation) ... ok
test_empty_export_writes_header_and_returns_zero (test_export_group.CsvExportTests.test_empty_export_writes_header_and_returns_zero) ... ok
test_export_keeps_canceled_history_and_does_not_change_database_bytes (test_export_group.CsvExportTests.test_export_keeps_canceled_history_and_does_not_change_database_bytes) ... ok
test_hard_link_alias_is_rejected_when_supported (test_export_group.CsvExportTests.test_hard_link_alias_is_rejected_when_supported) ... ok
test_output_failure_is_reported_clearly (test_export_group.CsvExportTests.test_output_failure_is_reported_clearly) ... ok
test_filtering_and_unfiltered_results_preserve_input_order (test_query_group.ReservationQueryTests.test_filtering_and_unfiltered_results_preserve_input_order) ... ok
test_invalid_status_fails_clearly_even_for_empty_input (test_query_group.ReservationQueryTests.test_invalid_status_fails_clearly_even_for_empty_input) ... ok
test_status_and_trimmed_room_filters_compose (test_query_group.ReservationQueryTests.test_status_and_trimmed_room_filters_compose) ... ok
test_unknown_or_case_mismatched_room_returns_no_records (test_query_group.ReservationQueryTests.test_unknown_or_case_mismatched_room_returns_no_records) ... ok
test_adjacent_bookings_are_counted_and_minutes_are_summed_exactly (test_summary_group.RoomSummaryTests.test_adjacent_bookings_are_counted_and_minutes_are_summed_exactly) ... ok
test_canceled_reservations_do_not_affect_active_count_or_minutes (test_summary_group.RoomSummaryTests.test_canceled_reservations_do_not_affect_active_count_or_minutes) ... ok
test_room_filter_trims_whitespace_and_unknown_room_is_empty (test_summary_group.RoomSummaryTests.test_room_filter_trims_whitespace_and_unknown_room_is_empty) ... ok
test_rooms_are_in_lexical_order (test_summary_group.RoomSummaryTests.test_rooms_are_in_lexical_order) ... ok

======================================================================
FAIL: test_empty_export_has_header_and_filtered_summary_uses_active_records (test_cli.BookingCliTests.test_empty_export_has_header_and_filtered_summary_uses_active_records)
----------------------------------------------------------------------
Traceback (most recent call last):
  File "C:\Users\Consiliari\Documents\Luna-Work-Item-Nests-20261009\cells\roombook-conventional-oldschool-app\tests\test_cli.py", line 163, in test_empty_export_has_header_and_filtered_summary_uses_active_records
    self.assertEqual(self.call("summary", "--room", " A "), {
    ~~~~~~~~~~~~~~~~^^^^^^^^^^^^^^^^^^^^^^^^^^^^^^^^^^^^^^^^^
        "rooms": [{"room": "A room", "active": 1, "minutes": 40}],
        ^^^^^^^^^^^^^^^^^^^^^^^^^^^^^^^^^^^^^^^^^^^^^^^^^^^^^^^^^^
    })
    ^^
AssertionError: {'rooms': []} != {'rooms': [{'room': 'A room', 'active': 1, 'minutes': 40}]}
- {'rooms': []}
+ {'rooms': [{'active': 1, 'minutes': 40, 'room': 'A room'}]}

----------------------------------------------------------------------
Ran 24 tests in 3.510s

FAILED (failures=1)
